2026-10-01 11:49:35.316 | ERROR    | aetheros.bootstrap.bootstrapper:start:182 - AetherOS bootstrap failed.
Traceback (most recent call last):
  File "<frozen runpy>", line 198, in _run_module_as_main
  File "<frozen runpy>", line 88, in _run_code
  File "D:\AetherOS\AetherOS\venv312\Scripts\aether.exe\__main__.py", line 5, in <module>
  File "D:\AetherOS\AetherOS\src\aetheros\__main__.py", line 60, in main
    asyncio.run(_main())
  File "C:\Program Files\WindowsApps\PythonSoftwareFoundation.Python.3.12_3.12.2800.0_x64__qbz5n2kfra8p0\Lib\asyncio\runners.py", line 195, in run
    return runner.run(main)
  File "C:\Program Files\WindowsApps\PythonSoftwareFoundation.Python.3.12_3.12.2800.0_x64__qbz5n2kfra8p0\Lib\asyncio\runners.py", line 118, in run
    return self._loop.run_until_complete(task)
  File "C:\Program Files\WindowsApps\PythonSoftwareFoundation.Python.3.12_3.12.2800.0_x64__qbz5n2kfra8p0\Lib\asyncio\base_events.py", line 678, in run_until_complete
    self.run_forever()
  File "C:\Program Files\WindowsApps\PythonSoftwareFoundation.Python.3.12_3.12.2800.0_x64__qbz5n2kfra8p0\Lib\asyncio\windows_events.py", line 322, in run_forever
    super().run_forever()
  File "C:\Program Files\WindowsApps\PythonSoftwareFoundation.Python.3.12_3.12.2800.0_x64__qbz5n2kfra8p0\Lib\asyncio\base_events.py", line 645, in run_forever
    self._run_once()
  File "C:\Program Files\WindowsApps\PythonSoftwareFoundation.Python.3.12_3.12.2800.0_x64__qbz5n2kfra8p0\Lib\asyncio\base_events.py", line 1999, in _run_once
    handle._run()
  File "C:\Program Files\WindowsApps\PythonSoftwareFoundation.Python.3.12_3.12.2800.0_x64__qbz5n2kfra8p0\Lib\asyncio\events.py", line 88, in _run
    self._context.run(self._callback, *self._args)
  File "D:\AetherOS\AetherOS\src\aetheros\__main__.py", line 43, in _main
    await app.start()
  File "D:\AetherOS\AetherOS\src\aetheros\bootstrap\application.py", line 57, in start
    await self._bootstrapper.start()
> File "D:\AetherOS\AetherOS\src\aetheros\bootstrap\bootstrapper.py", line 143, in start
    await self._bootstrap_desktop()
  File "D:\AetherOS\AetherOS\src\aetheros\bootstrap\bootstrapper.py", line 410, in _bootstrap_desktop
    from ..desktop.clipboard.pyautogui_backend import PyAutoGuiClipboard
  File "D:\AetherOS\AetherOS\src\aetheros\desktop\clipboard\pyautogui_backend.py", line 244
    def status(self) -> dict[str, Any]:
                                       ^
IndentationError: unindent does not match any outer indentation level
2026-10-01 21:15:01.826 | ERROR    | aetheros.bootstrap.bootstrapper:start:182 - AetherOS bootstrap failed.
Traceback (most recent call last):
  File "<frozen runpy>", line 198, in _run_module_as_main
  File "<frozen runpy>", line 88, in _run_code
  File "D:\AetherOS\AetherOS\venv312\Scripts\aether.exe\__main__.py", line 5, in <module>
  File "D:\AetherOS\AetherOS\src\aetheros\__main__.py", line 60, in main
    asyncio.run(_main())
  File "C:\Program Files\WindowsApps\PythonSoftwareFoundation.Python.3.12_3.12.2800.0_x64__qbz5n2kfra8p0\Lib\asyncio\runners.py", line 195, in run
    return runner.run(main)
  File "C:\Program Files\WindowsApps\PythonSoftwareFoundation.Python.3.12_3.12.2800.0_x64__qbz5n2kfra8p0\Lib\asyncio\runners.py", line 118, in run
    return self._loop.run_until_complete(task)
  File "C:\Program Files\WindowsApps\PythonSoftwareFoundation.Python.3.12_3.12.2800.0_x64__qbz5n2kfra8p0\Lib\asyncio\base_events.py", line 678, in run_until_complete
    self.run_forever()
  File "C:\Program Files\WindowsApps\PythonSoftwareFoundation.Python.3.12_3.12.2800.0_x64__qbz5n2kfra8p0\Lib\asyncio\windows_events.py", line 322, in run_forever
    super().run_forever()
  File "C:\Program Files\WindowsApps\PythonSoftwareFoundation.Python.3.12_3.12.2800.0_x64__qbz5n2kfra8p0\Lib\asyncio\base_events.py", line 645, in run_forever
    self._run_once()
  File "C:\Program Files\WindowsApps\PythonSoftwareFoundation.Python.3.12_3.12.2800.0_x64__qbz5n2kfra8p0\Lib\asyncio\base_events.py", line 1999, in _run_once
    handle._run()
  File "C:\Program Files\WindowsApps\PythonSoftwareFoundation.Python.3.12_3.12.2800.0_x64__qbz5n2kfra8p0\Lib\asyncio\events.py", line 88, in _run
    self._context.run(self._callback, *self._args)
  File "D:\AetherOS\AetherOS\src\aetheros\__main__.py", line 43, in _main
    await app.start()
  File "D:\AetherOS\AetherOS\src\aetheros\bootstrap\application.py", line 57, in start
    await self._bootstrapper.start()
> File "D:\AetherOS\AetherOS\src\aetheros\bootstrap\bootstrapper.py", line 146, in start
    await self._bootstrap_trading()
  File "D:\AetherOS\AetherOS\src\aetheros\bootstrap\bootstrapper.py", line 1349, in _bootstrap_trading
    MonitoringService,
NameError: name 'MonitoringService' is not defined
2026-10-02 08:02:41.413 | ERROR    | aetheros.tools.executor:_run:244 - Tool raised an exception.
Traceback (most recent call last):
  File "<frozen runpy>", line 198, in _run_module_as_main
  File "<frozen runpy>", line 88, in _run_code
  File "D:\AetherOS\AetherOS\venv312\Scripts\aether.exe\__main__.py", line 5, in <module>
    sys.exit(main())
  File "D:\AetherOS\AetherOS\src\aetheros\__main__.py", line 60, in main
    asyncio.run(_main())
  File "C:\Program Files\WindowsApps\PythonSoftwareFoundation.Python.3.12_3.12.2800.0_x64__qbz5n2kfra8p0\Lib\asyncio\runners.py", line 195, in run
    return runner.run(main)
  File "C:\Program Files\WindowsApps\PythonSoftwareFoundation.Python.3.12_3.12.2800.0_x64__qbz5n2kfra8p0\Lib\asyncio\runners.py", line 118, in run
    return self._loop.run_until_complete(task)
  File "C:\Program Files\WindowsApps\PythonSoftwareFoundation.Python.3.12_3.12.2800.0_x64__qbz5n2kfra8p0\Lib\asyncio\base_events.py", line 678, in run_until_complete
    self.run_forever()
  File "C:\Program Files\WindowsApps\PythonSoftwareFoundation.Python.3.12_3.12.2800.0_x64__qbz5n2kfra8p0\Lib\asyncio\windows_events.py", line 322, in run_forever
    super().run_forever()
  File "C:\Program Files\WindowsApps\PythonSoftwareFoundation.Python.3.12_3.12.2800.0_x64__qbz5n2kfra8p0\Lib\asyncio\base_events.py", line 645, in run_forever
    self._run_once()
  File "C:\Program Files\WindowsApps\PythonSoftwareFoundation.Python.3.12_3.12.2800.0_x64__qbz5n2kfra8p0\Lib\asyncio\base_events.py", line 1999, in _run_once
    handle._run()
  File "C:\Program Files\WindowsApps\PythonSoftwareFoundation.Python.3.12_3.12.2800.0_x64__qbz5n2kfra8p0\Lib\asyncio\events.py", line 88, in _run
    self._context.run(self._callback, *self._args)
  File "D:\AetherOS\AetherOS\src\aetheros\__main__.py", line 46, in _main
    await app.run()
  File "D:\AetherOS\AetherOS\src\aetheros\bootstrap\application.py", line 130, in run
    await self._cli.start()
  File "D:\AetherOS\AetherOS\src\aetheros\cli\main.py", line 106, in start
    await self._loop()
  File "D:\AetherOS\AetherOS\src\aetheros\cli\main.py", line 254, in _loop
    result = await self._commands.execute(command)
  File "D:\AetherOS\AetherOS\src\aetheros\cli\commands.py", line 136, in execute
    result = await result
  File "D:\AetherOS\AetherOS\src\aetheros\cli\commands.py", line 1681, in _ask
    result = await self._gateway.submit(prompt, source="terminal")
  File "D:\AetherOS\AetherOS\src\aetheros\agents\gateway.py", line 75, in submit
    return await self._agent.run(goal, **run_kwargs)
  File "D:\AetherOS\AetherOS\src\aetheros\agents\core.py", line 314, in run
    await self._loop(state, observations, confirmed=confirmed)
  File "D:\AetherOS\AetherOS\src\aetheros\agents\core.py", line 476, in _loop
    results = await self._coordinator.execute_many(
  File "D:\AetherOS\AetherOS\src\aetheros\agents\execution.py", line 613, in execute_many
    await self.execute(state, call, iteration=at, confirmed=confirmed)
  File "D:\AetherOS\AetherOS\src\aetheros\agents\execution.py", line 573, in execute
    outcome = await self._executor.execute_safe(
  File "D:\AetherOS\AetherOS\src\aetheros\tools\executor.py", line 136, in execute_safe
    return await self._run(
> File "D:\AetherOS\AetherOS\src\aetheros\tools\executor.py", line 221, in _run
    value = await self._invoke(tool, arguments)
  File "D:\AetherOS\AetherOS\src\aetheros\tools\executor.py", line 317, in _invoke
    result = await asyncio.wait_for(
  File "C:\Program Files\WindowsApps\PythonSoftwareFoundation.Python.3.12_3.12.2800.0_x64__qbz5n2kfra8p0\Lib\asyncio\tasks.py", line 520, in wait_for
    return await fut
  File "D:\AetherOS\AetherOS\src\aetheros\trading\tools.py", line 666, in analyze_instrument
    analysis = await _analysis().analyze(symbol, timeframe, limit=limit)
  File "D:\AetherOS\AetherOS\src\aetheros\trading\services\analysis_service.py", line 69, in analyze
    data = await self._market_data.get_candles(symbol, timeframe, limit=limit)
  File "D:\AetherOS\AetherOS\src\aetheros\trading\services\market_data_service.py", line 91, in get_candles
    data = await self._provider.get_candles(instrument, tf, limit=n)
  File "D:\AetherOS\AetherOS\src\aetheros\trading\providers\yahoo_provider.py", line 272, in get_candles
    result = await self._fetch_chart(symbol, params)
  File "D:\AetherOS\AetherOS\src\aetheros\trading\providers\yahoo_provider.py", line 161, in _fetch_chart
    raise ProviderError(
aetheros.trading.errors.ProviderError: [TRADING_MD_002] Yahoo returned HTTP 404 for 'RELIANCE'.
2026-10-02 08:02:47.604 | ERROR    | aetheros.tools.executor:_run:244 - Tool raised an exception.
Traceback (most recent call last):
  File "<frozen runpy>", line 198, in _run_module_as_main
  File "<frozen runpy>", line 88, in _run_code
  File "D:\AetherOS\AetherOS\venv312\Scripts\aether.exe\__main__.py", line 5, in <module>
    sys.exit(main())
  File "D:\AetherOS\AetherOS\src\aetheros\__main__.py", line 60, in main
    asyncio.run(_main())
  File "C:\Program Files\WindowsApps\PythonSoftwareFoundation.Python.3.12_3.12.2800.0_x64__qbz5n2kfra8p0\Lib\asyncio\runners.py", line 195, in run
    return runner.run(main)
  File "C:\Program Files\WindowsApps\PythonSoftwareFoundation.Python.3.12_3.12.2800.0_x64__qbz5n2kfra8p0\Lib\asyncio\runners.py", line 118, in run
    return self._loop.run_until_complete(task)
  File "C:\Program Files\WindowsApps\PythonSoftwareFoundation.Python.3.12_3.12.2800.0_x64__qbz5n2kfra8p0\Lib\asyncio\base_events.py", line 678, in run_until_complete
    self.run_forever()
  File "C:\Program Files\WindowsApps\PythonSoftwareFoundation.Python.3.12_3.12.2800.0_x64__qbz5n2kfra8p0\Lib\asyncio\windows_events.py", line 322, in run_forever
    super().run_forever()
  File "C:\Program Files\WindowsApps\PythonSoftwareFoundation.Python.3.12_3.12.2800.0_x64__qbz5n2kfra8p0\Lib\asyncio\base_events.py", line 645, in run_forever
    self._run_once()
  File "C:\Program Files\WindowsApps\PythonSoftwareFoundation.Python.3.12_3.12.2800.0_x64__qbz5n2kfra8p0\Lib\asyncio\base_events.py", line 1999, in _run_once
    handle._run()
  File "C:\Program Files\WindowsApps\PythonSoftwareFoundation.Python.3.12_3.12.2800.0_x64__qbz5n2kfra8p0\Lib\asyncio\events.py", line 88, in _run
    self._context.run(self._callback, *self._args)
  File "D:\AetherOS\AetherOS\src\aetheros\__main__.py", line 46, in _main
    await app.run()
  File "D:\AetherOS\AetherOS\src\aetheros\bootstrap\application.py", line 130, in run
    await self._cli.start()
  File "D:\AetherOS\AetherOS\src\aetheros\cli\main.py", line 106, in start
    await self._loop()
  File "D:\AetherOS\AetherOS\src\aetheros\cli\main.py", line 254, in _loop
    result = await self._commands.execute(command)
  File "D:\AetherOS\AetherOS\src\aetheros\cli\commands.py", line 136, in execute
    result = await result
  File "D:\AetherOS\AetherOS\src\aetheros\cli\commands.py", line 1681, in _ask
    result = await self._gateway.submit(prompt, source="terminal")
  File "D:\AetherOS\AetherOS\src\aetheros\agents\gateway.py", line 75, in submit
    return await self._agent.run(goal, **run_kwargs)
  File "D:\AetherOS\AetherOS\src\aetheros\agents\core.py", line 314, in run
    await self._loop(state, observations, confirmed=confirmed)
  File "D:\AetherOS\AetherOS\src\aetheros\agents\core.py", line 476, in _loop
    results = await self._coordinator.execute_many(
  File "D:\AetherOS\AetherOS\src\aetheros\agents\execution.py", line 613, in execute_many
    await self.execute(state, call, iteration=at, confirmed=confirmed)
  File "D:\AetherOS\AetherOS\src\aetheros\agents\execution.py", line 573, in execute
    outcome = await self._executor.execute_safe(
  File "D:\AetherOS\AetherOS\src\aetheros\tools\executor.py", line 136, in execute_safe
    return await self._run(
> File "D:\AetherOS\AetherOS\src\aetheros\tools\executor.py", line 221, in _run
    value = await self._invoke(tool, arguments)
  File "D:\AetherOS\AetherOS\src\aetheros\tools\executor.py", line 317, in _invoke
    result = await asyncio.wait_for(
  File "C:\Program Files\WindowsApps\PythonSoftwareFoundation.Python.3.12_3.12.2800.0_x64__qbz5n2kfra8p0\Lib\asyncio\tasks.py", line 520, in wait_for
    return await fut
  File "D:\AetherOS\AetherOS\src\aetheros\trading\tools.py", line 501, in analyze_macro_context
    data = await _market_data().get_candles(benchmark_symbol, timeframe, limit=limit)
  File "D:\AetherOS\AetherOS\src\aetheros\trading\services\market_data_service.py", line 91, in get_candles
    data = await self._provider.get_candles(instrument, tf, limit=n)
  File "D:\AetherOS\AetherOS\src\aetheros\trading\providers\yahoo_provider.py", line 272, in get_candles
    result = await self._fetch_chart(symbol, params)
  File "D:\AetherOS\AetherOS\src\aetheros\trading\providers\yahoo_provider.py", line 161, in _fetch_chart
    raise ProviderError(
aetheros.trading.errors.ProviderError: [TRADING_MD_002] Yahoo returned HTTP 404 for 'NIFTY.NS'.
